22:24:32 **** Build of configuration Debug for project rgb2tft_bsp_vtc_selftest_example_1 ****
make pre-build main-build 
a9-linaro-pre-build-step
 
Building file: ../src/vtc_selftest_example.c
Invoking: ARM v7 gcc compiler
arm-none-eabi-gcc -Wall -O0 -g3 -c -fmessage-length=0 -MT"src/vtc_selftest_example.o" -mcpu=cortex-a9 -mfpu=vfpv3 -mfloat-abi=hard -I../../rgb2tft_bsp/ps7_cortexa9_0/include -MMD -MP -MF"src/vtc_selftest_example.d" -MT"src/vtc_selftest_example.o" -o "src/vtc_selftest_example.o" "../src/vtc_selftest_example.c"
Finished building: ../src/vtc_selftest_example.c
 
Building target: rgb2tft_bsp_vtc_selftest_example_1.elf
Invoking: ARM v7 gcc linker
arm-none-eabi-gcc -mcpu=cortex-a9 -mfpu=vfpv3 -mfloat-abi=hard -Wl,-build-id=none -specs=Xilinx.spec -Wl,-T -Wl,../src/lscript.ld -L../../rgb2tft_bsp/ps7_cortexa9_0/lib -o "rgb2tft_bsp_vtc_selftest_example_1.elf"  ./src/vtc_selftest_example.o   -Wl,--start-group,-lxil,-lgcc,-lc,--end-group
Finished building target: rgb2tft_bsp_vtc_selftest_example_1.elf
 
Invoking: ARM v7 Print Size
arm-none-eabi-size rgb2tft_bsp_vtc_selftest_example_1.elf  |tee "rgb2tft_bsp_vtc_selftest_example_1.elf.size"
   text	   data	    bss	    dec	    hex	filename
  33984	   1160	  22632	  57776	   e1b0	rgb2tft_bsp_vtc_selftest_example_1.elf
Finished building: rgb2tft_bsp_vtc_selftest_example_1.elf.size
 

22:24:33 Build Finished (took 874ms)

